=== Reset Admin Push — 2026-03-19T00:52:52.871Z ===

$ git status
On branch main
Changes not staged for commit:
  (use "git add <file>..." to update what will be committed)
  (use "git restore <file>..." to discard changes in working directory)
	modified:   .claude/launch.json
	modified:   git-commit-push.js
	modified:   git-push-output.txt

Untracked files:
  (use "git add <file>..." to include in what will be committed)
	commit-production-config.bat
	commit-production-output.txt
	git-output.txt
	git-production-output.txt
	git-production-push.js
	git-status-log.bat
	run-production-push.bat
	run-update-manager.js
	update-manager-output.txt
	update-manager.bat

no changes added to commit (use "git add" and/or "git commit -a")


$ git add server/src/index.js server/src/db/resetAdmin.js
(no output)

$ git status
On branch main
Changes not staged for commit:
  (use "git add <file>..." to update what will be committed)
  (use "git restore <file>..." to discard changes in working directory)
	modified:   .claude/launch.json
	modified:   git-commit-push.js
	modified:   git-push-output.txt

Untracked files:
  (use "git add <file>..." to include in what will be committed)
	commit-production-config.bat
	commit-production-output.txt
	git-output.txt
	git-production-output.txt
	git-production-push.js
	git-status-log.bat
	run-production-push.bat
	run-update-manager.js
	update-manager-output.txt
	update-manager.bat

no changes added to commit (use "git add" and/or "git commit -a")


$ git commit -m "admin: reset admin to admin@lastmiledsp.com / LastMile2026!"
stdout: On branch main
Changes not staged for commit:
  (use "git add <file>..." to update what will be committed)
  (use "git restore <file>..." to discard changes in working directory)
	modified:   .claude/launch.json
	modified:   git-commit-push.js
	modified:   git-push-output.txt

Untracked files:
  (use "git add <file>..." to include in what will be committed)
	commit-production-config.bat
	commit-production-output.txt
	git-output.txt
	git-production-output.txt
	git-production-push.js
	git-status-log.bat
	run-production-push.bat
	run-update-manager.js
	update-manager-output.txt
	update-manager.bat

no changes added to commit (use "git add" and/or "git commit -a")

stderr: (none)
exit code: 1

$ git push origin main
(no output)

$ git log --oneline -4
5c1f81a admin: reset admin to admin@lastmiledsp.com / LastMile2026!
7954e2e admin: ensure Eric Diaz admin account on every server boot
3bd2390 production: CORS allow Railway domain + serve client/dist in production
7a817f4 Auto-migrate on startup + SSL support for Railway PostgreSQL


=== DONE ===