=== SSL Fix Push — 2026-03-19T01:07:06.444Z ===

$ git status
On branch main
Changes not staged for commit:
  (use "git add <file>..." to update what will be committed)
  (use "git restore <file>..." to discard changes in working directory)
	modified:   git-production-output.txt
	modified:   git-production-push.js

no changes added to commit (use "git add" and/or "git commit -a")


$ git add server/src/db/resetAdmin.js server/src/db/pool.js
(no output)

$ git status
On branch main
Changes not staged for commit:
  (use "git add <file>..." to update what will be committed)
  (use "git restore <file>..." to discard changes in working directory)
	modified:   git-production-output.txt
	modified:   git-production-push.js

no changes added to commit (use "git add" and/or "git commit -a")


$ git commit -m "Fix SSL for Railway PostgreSQL"
stdout: On branch main
Changes not staged for commit:
  (use "git add <file>..." to update what will be committed)
  (use "git restore <file>..." to discard changes in working directory)
	modified:   git-production-output.txt
	modified:   git-production-push.js

no changes added to commit (use "git add" and/or "git commit -a")

stderr: (none)
exit code: 1

$ git push origin main
(no output)

$ git log --oneline -4
0e32aae Fix SSL for Railway PostgreSQL
5c1f81a admin: reset admin to admin@lastmiledsp.com / LastMile2026!
7954e2e admin: ensure Eric Diaz admin account on every server boot
3bd2390 production: CORS allow Railway domain + serve client/dist in production


=== DONE ===