=== Fix SSL in resetAdmin — 2026-03-19T01:12:41.661Z ===

$ git diff HEAD server/src/db/resetAdmin.js
diff --git a/server/src/db/resetAdmin.js b/server/src/db/resetAdmin.js
index 299cb7c..04dd115 100644
--- a/server/src/db/resetAdmin.js
+++ b/server/src/db/resetAdmin.js
@@ -2,10 +2,11 @@ require('dotenv').config();
 const { Pool } = require('pg');
 const bcrypt = require('bcryptjs');
 
-// Always use SSL — this script only runs on Railway
 const pool = new Pool({
   connectionString: process.env.DATABASE_URL,
-  ssl: { rejectUnauthorized: false },
+  ssl: {
+    rejectUnauthorized: false
+  }
 });
 
 async function resetAdmin() {


$ git add .
(no output)

$ git diff --cached server/src/db/resetAdmin.js
diff --git a/server/src/db/resetAdmin.js b/server/src/db/resetAdmin.js
index 299cb7c..04dd115 100644
--- a/server/src/db/resetAdmin.js
+++ b/server/src/db/resetAdmin.js
@@ -2,10 +2,11 @@ require('dotenv').config();
 const { Pool } = require('pg');
 const bcrypt = require('bcryptjs');
 
-// Always use SSL — this script only runs on Railway
 const pool = new Pool({
   connectionString: process.env.DATABASE_URL,
-  ssl: { rejectUnauthorized: false },
+  ssl: {
+    rejectUnauthorized: false
+  }
 });
 
 async function resetAdmin() {


$ git status
On branch main
Changes to be committed:
  (use "git restore --staged <file>..." to unstage)
	modified:   git-production-output.txt
	modified:   git-production-push.js
	modified:   server/src/db/resetAdmin.js



$ git commit -m "Fix SSL in resetAdmin"
[main 23fe8a1] Fix SSL in resetAdmin
 3 files changed, 24 insertions(+), 58 deletions(-)


$ git push origin main
(no output)

$ git log --oneline -4
23fe8a1 Fix SSL in resetAdmin
0e32aae Fix SSL for Railway PostgreSQL
5c1f81a admin: reset admin to admin@lastmiledsp.com / LastMile2026!
7954e2e admin: ensure Eric Diaz admin account on every server boot


=== DONE ===